
CrystalFront Balance Report
  Blue bots: ['idle', 'passive', 'rush_weak', 'rush_weak_medium', 'rush_medium', 'turtle', 'macro', 'heavy', 'rush']
  Red bots:  ['idle', 'passive', 'rush_weak', 'rush_weak_medium', 'rush_medium', 'turtle', 'macro', 'heavy', 'rush']
  Matches per pair: 50
  Total matches:    4050

  [1/81] idle vs idle … 50 matches in 52.1s — idle WR: 0.48
  [2/81] idle vs passive … 50 matches in 63.0s — idle WR: 0.00
  [3/81] idle vs rush_weak … 50 matches in 46.2s — idle WR: 0.00
  [4/81] idle vs rush_weak_medium … 50 matches in 48.3s — idle WR: 0.00
  [5/81] idle vs rush_medium … 50 matches in 57.3s — idle WR: 0.00
  [6/81] idle vs turtle … 50 matches in 63.6s — idle WR: 0.00
  [7/81] idle vs macro … 50 matches in 68.3s — idle WR: 0.00
  [8/81] idle vs heavy … 50 matches in 86.1s — idle WR: 0.00
  [9/81] idle vs rush … 50 matches in 58.0s — idle WR: 0.00
  [10/81] passive vs idle … 50 matches in 62.3s — passive WR: 1.00
  [11/81] passive vs passive … 50 matches in 63.3s — passive WR: 0.44
  [12/81] passive vs rush_weak … 50 matches in 55.8s — passive WR: 0.00
  [13/81] passive vs rush_weak_medium … 50 matches in 59.9s — passive WR: 0.00
  [14/81] passive vs rush_medium … 50 matches in 68.7s — passive WR: 0.00
  [15/81] passive vs turtle … 50 matches in 111.6s — passive WR: 0.00
  [16/81] passive vs macro … 50 matches in 70.3s — passive WR: 0.00
  [17/81] passive vs heavy … 50 matches in 98.3s — passive WR: 0.00
  [18/81] passive vs rush … 50 matches in 71.1s — passive WR: 0.00
  [19/81] rush_weak vs idle … 50 matches in 45.9s — rush_weak WR: 1.00
  [20/81] rush_weak vs passive … 50 matches in 56.5s — rush_weak WR: 1.00
  [21/81] rush_weak vs rush_weak … 50 matches in 61.8s — rush_weak WR: 0.40
  [22/81] rush_weak vs rush_weak_medium … 50 matches in 61.0s — rush_weak WR: 0.02
  [23/81] rush_weak vs rush_medium … 50 matches in 72.3s — rush_weak WR: 0.00
  [24/81] rush_weak vs turtle … 50 matches in 73.0s — rush_weak WR: 0.00
  [25/81] rush_weak vs macro … 50 matches in 74.3s — rush_weak WR: 0.14
  [26/81] rush_weak vs heavy … 50 matches in 97.3s — rush_weak WR: 0.00
  [27/81] rush_weak vs rush … 50 matches in 73.3s — rush_weak WR: 0.00
  [28/81] rush_weak_medium vs idle … 50 matches in 47.6s — rush_weak_medium WR: 1.00
  [29/81] rush_weak_medium vs passive … 50 matches in 57.9s — rush_weak_medium WR: 1.00
  [30/81] rush_weak_medium vs rush_weak … 50 matches in 59.5s — rush_weak_medium WR: 0.98
  [31/81] rush_weak_medium vs rush_weak_medium … 50 matches in 63.1s — rush_weak_medium WR: 0.60
  [32/81] rush_weak_medium vs rush_medium … 50 matches in 75.5s — rush_weak_medium WR: 0.00
  [33/81] rush_weak_medium vs turtle … 50 matches in 74.3s — rush_weak_medium WR: 0.00
  [34/81] rush_weak_medium vs macro … 50 matches in 74.8s — rush_weak_medium WR: 0.06
  [35/81] rush_weak_medium vs heavy … 50 matches in 97.7s — rush_weak_medium WR: 0.00
  [36/81] rush_weak_medium vs rush … 50 matches in 83.8s — rush_weak_medium WR: 0.00
  [37/81] rush_medium vs idle … 50 matches in 57.6s — rush_medium WR: 1.00
  [38/81] rush_medium vs passive … 50 matches in 69.5s — rush_medium WR: 1.00
  [39/81] rush_medium vs rush_weak … 50 matches in 72.2s — rush_medium WR: 1.00
  [40/81] rush_medium vs rush_weak_medium … 50 matches in 76.2s — rush_medium WR: 1.00
  [41/81] rush_medium vs rush_medium … 50 matches in 120.7s — rush_medium WR: 0.46
  [42/81] rush_medium vs turtle … 50 matches in 110.6s — rush_medium WR: 1.00
  [43/81] rush_medium vs macro … 50 matches in 97.6s — rush_medium WR: 0.54
  [44/81] rush_medium vs heavy … 50 matches in 133.1s — rush_medium WR: 0.70
  [45/81] rush_medium vs rush … 50 matches in 133.9s — rush_medium WR: 0.28
  [46/81] turtle vs idle … 50 matches in 63.3s — turtle WR: 1.00
  [47/81] turtle vs passive … 50 matches in 71.3s — turtle WR: 1.00
  [48/81] turtle vs rush_weak … 50 matches in 71.9s — turtle WR: 1.00
  [49/81] turtle vs rush_weak_medium … 50 matches in 73.6s — turtle WR: 1.00
  [50/81] turtle vs rush_medium … 50 matches in 107.6s — turtle WR: 0.00
  [51/81] turtle vs turtle … 50 matches in 72.2s — turtle WR: 0.60
  [52/81] turtle vs macro … 50 matches in 105.1s — turtle WR: 0.10
  [53/81] turtle vs heavy … 50 matches in 125.3s — turtle WR: 0.12
  [54/81] turtle vs rush … 50 matches in 128.9s — turtle WR: 0.00
  [55/81] macro vs idle … 50 matches in 70.3s — macro WR: 1.00
  [56/81] macro vs passive … 50 matches in 72.3s — macro WR: 1.00
  [57/81] macro vs rush_weak … 50 matches in 73.7s — macro WR: 0.82
  [58/81] macro vs rush_weak_medium … 50 matches in 78.3s — macro WR: 0.84
  [59/81] macro vs rush_medium … 50 matches in 99.5s — macro WR: 0.50
  [60/81] macro vs turtle … 50 matches in 106.4s — macro WR: 0.78
  [61/81] macro vs macro … 50 matches in 119.1s — macro WR: 0.48
  [62/81] macro vs heavy … 50 matches in 130.2s — macro WR: 0.08
  [63/81] macro vs rush … 50 matches in 103.6s — macro WR: 0.42
  [64/81] heavy vs idle … 50 matches in 87.1s — heavy WR: 1.00
  [65/81] heavy vs passive … 50 matches in 98.5s — heavy WR: 1.00
  [66/81] heavy vs rush_weak … 50 matches in 96.1s — heavy WR: 1.00
  [67/81] heavy vs rush_weak_medium … 50 matches in 99.7s — heavy WR: 1.00
  [68/81] heavy vs rush_medium … 50 matches in 133.3s — heavy WR: 0.42
  [69/81] heavy vs turtle … 50 matches in 127.0s — heavy WR: 0.82
  [70/81] heavy vs macro … 50 matches in 126.5s — heavy WR: 0.98
  [71/81] heavy vs heavy … 50 matches in 159.3s — heavy WR: 0.50
  [72/81] heavy vs rush … 50 matches in 150.1s — heavy WR: 0.28
  [73/81] rush vs idle … 50 matches in 58.9s — rush WR: 1.00
  [74/81] rush vs passive … 50 matches in 72.7s — rush WR: 1.00
  [75/81] rush vs rush_weak … 50 matches in 75.9s — rush WR: 1.00
  [76/81] rush vs rush_weak_medium … 50 matches in 81.7s — rush WR: 1.00
  [77/81] rush vs rush_medium … 50 matches in 134.8s — rush WR: 0.76
  [78/81] rush vs turtle … 50 matches in 123.7s — rush WR: 1.00
  [79/81] rush vs macro … 50 matches in 104.0s — rush WR: 0.54
  [80/81] rush vs heavy … 50 matches in 148.5s — rush WR: 0.48
  [81/81] rush vs rush … 50 matches in 151.4s — rush WR: 0.56

Report written to docs/balance/matrix_v0.5.4_task1.3_confirm.json
